[2026-08-17 13:20:32] Search - Agenda: '123' | Tiket: '535929911506042781' | Rowcount: '0' | Message: 'Maaf Data tidak Ditemukan'
[2026-08-17 13:21:57] Search - Agenda: '123' | Tiket: '535929911506042781' | Rowcount: '0' | Message: 'Maaf Data tidak Ditemukan'
[2026-08-17 13:22:10] Search - Agenda: '123' | Tiket: '535929911506042781' | Rowcount: '0' | Message: 'Maaf Data tidak Ditemukansss'
[2026-08-17 13:23:07] Search - Agenda: '123' | Tiket: '316509921905318533' | Rowcount: '0' | Message: 'Maaf Data tidak Ditemukan'
[2026-08-17 13:25:19] Search - Agenda: '316509921905318533' | Tiket: '123' | Rowcount: '1' | Message: 'Sukses'
[2026-08-17 13:29:16] Search - Agenda: '316509921905318533' | Tiket: '123' | Rowcount: '1' | Message: 'Sukses'
[2026-08-17 13:33:27] Search - Agenda: '316509921905318533' | Tiket: '123' | Rowcount: '1' | Message: 'Sukses'
[2026-08-17 13:52:31] Search - Agenda: '316509921905318533' | Tiket: '123' | Rowcount: '1' | Message: 'Sukses'
[2026-08-17 13:54:39] Search - Agenda: '538739922509017507' | Tiket: '123' | Rowcount: '1' | Message: 'Sukses'
[2026-08-17 13:57:10] Search - Agenda: '538739922509017507' | Tiket: '123' | Rowcount: '1' | Message: 'Sukses'
[2026-08-17 13:57:51] Search - Agenda: '538739922509017507' | Tiket: '123' | Rowcount: '1' | Message: 'Sukses'
[2026-08-17 14:31:17] Search - Agenda: '552000561110122001' | Tiket: '123' | Rowcount: '0' | Message: 'Maaf Data tidak Ditemukan'
[2026-08-17 14:31:56] Search - Agenda: '535929921201311393' | Tiket: '123' | Rowcount: '1' | Message: 'Sukses'
[2026-08-17 14:32:59] Search - Agenda: '535929921201311393' | Tiket: '123' | Rowcount: '1' | Message: 'Sukses'
[2026-08-17 14:43:44] Search - Agenda: '535929921203151511' | Tiket: '123' | Rowcount: '1' | Message: 'Sukses'
[2026-08-17 14:51:36] Search - Agenda: '535929921203151511' | Tiket: '123' | Rowcount: '1' | Message: 'Sukses'
[2026-08-17 14:53:58] Search - Agenda: '535929921203151511' | Tiket: '123' | Rowcount: '1' | Message: 'Sukses'
[2026-08-17 14:55:24] Search - Agenda: '535929921203151511' | Tiket: '123' | Rowcount: '1' | Message: 'Sukses'
[2026-08-17 14:56:24] Search - Agenda: '535929921203151511' | Tiket: '123' | Rowcount: '1' | Message: 'Sukses'
[2026-08-17 14:57:14] Save Oracle - Agenda: '535929921203151511' | MsgError: 'Sukses' | Rowcount: '1'
[2026-08-17 14:59:10] Search - Agenda: '535929921203151511' | Tiket: '123' | Rowcount: '1' | Message: 'Sukses'
[2026-08-17 14:59:36] Save Oracle - Agenda: '535929921203151511' | MsgError: 'Sukses' | Rowcount: '1'
[2026-08-18 04:51:09] Search - Agenda: '535929921203151511' | Tiket: '123' | Rowcount: '1' | Message: 'Sukses'
[2026-08-18 11:38:26] Search User Oracle - ID: 'PS.PUSAT.POLMA' | Unitup: '' | Count: 1
[2026-08-18 11:38:55] Search User Oracle - ID: '' | Unitup: 'PUSAT' | Count: 1
[2026-08-18 11:41:29] Search User Oracle - ID: '' | Unitup: 'PUSAT' | Count: 83
